// Jest Snapshot v1, https://goo.gl/fbAQLP

exports[`Testing <Logo/> should Logo have been rendered correctly 1`] = `
<Container
  fluid={false}
>
  <Row
    noGutters={false}
  >
    <styled.div>
      <styled.img
        alt="Logo"
        src="logo.png"
      />
    </styled.div>
  </Row>
</Container>
`;
